#-----------------------------------------------------------
# Vivado v2020.1 (64-bit)
# SW Build 2902540 on Wed May 27 19:54:35 MDT 2020
# IP Build 2902112 on Wed May 27 22:43:36 MDT 2020
# Start of session at: Wed Jan  6 15:47:19 2021
# Process ID: 12867
# Current directory: /home/inje/workspace/vivado_inje/Week02
# Command line: vivado
# Log file: /home/inje/workspace/vivado_inje/Week02/vivado.log
# Journal file: /home/inje/workspace/vivado_inje/Week02/vivado.jou
#-----------------------------------------------------------
start_gui
create_project week2 /home/inje/workspace/vivado_inje/Week02/week2 -part xc7vx485tffg1157-1
add_files -norecurse {/home/inje/workspace/vivado_inje/Week02/imem.mem /home/inje/workspace/vivado_inje/Week02/dmem.mem}
add_files -norecurse {/home/inje/workspace/vivado_inje/Week02/regfile.sv /home/inje/workspace/vivado_inje/Week02/imem.sv /home/inje/workspace/vivado_inje/Week02/dmem.sv /home/inje/workspace/vivado_inje/Week02/alu.sv /home/inje/workspace/vivado_inje/Week02/single_cycle_cpu.sv}
update_compile_order -fileset sources_1
update_compile_order -fileset sources_1
file mkdir /home/inje/workspace/vivado_inje/Week02/week2/week2.srcs/sources_1/new
close [ open /home/inje/workspace/vivado_inje/Week02/week2/week2.srcs/sources_1/new/decoder.sv w ]
add_files /home/inje/workspace/vivado_inje/Week02/week2/week2.srcs/sources_1/new/decoder.sv
update_compile_order -fileset sources_1
update_compile_order -fileset sources_1
